\BOOKMARK [1][-]{section.1}{\376\377\225\356\230\230\221\315\217\360}{}% 1
\BOOKMARK [2][-]{subsection.1.1}{\376\377\225\356\230\230\200\314\146\157}{section.1}% 2
\BOOKMARK [2][-]{subsection.1.2}{\376\377\170\024\172\166\133\371\214\141\116\016\176\246\147\137\147\141\116\366}{section.1}% 3
\BOOKMARK [2][-]{subsection.1.3}{\376\377\142\021\116\354\166\204\135\345\117\134}{section.1}% 4
\BOOKMARK [2][-]{subsection.1.4}{\376\377\150\070\137\303\170\024\172\166\116\373\122\241}{section.1}% 5
\BOOKMARK [1][-]{section.2}{\376\377\225\356\230\230\122\006\147\220}{}% 6
\BOOKMARK [1][-]{section.3}{\376\377\152\041\127\213\120\107\213\276}{}% 7
\BOOKMARK [1][-]{section.4}{\376\377\173\046\123\367\213\364\146\016}{}% 8
\BOOKMARK [1][-]{section.5}{\376\377\225\356\230\230\116\214\201\363\225\356\230\230\126\333\176\323\147\234\122\006\147\220}{}% 9
\BOOKMARK [2][-]{subsection.5.1}{\376\377\176\337\213\241\123\343\137\204\116\016\140\073\117\123\176\323\147\234}{section.5}% 10
\BOOKMARK [2][-]{subsection.5.2}{\376\377\225\356\230\230\116\214\377\032\126\372\133\232\165\065\116\367\116\013\166\204\145\345\122\115\213\241\122\022}{section.5}% 11
\BOOKMARK [3][-]{subsubsection.5.2.1}{\376\377\127\372\170\100\122\006\147\220}{subsection.5.2}% 12
\BOOKMARK [3][-]{subsubsection.5.2.2}{\376\377\155\361\134\102\122\006\147\220}{subsection.5.2}% 13
\BOOKMARK [2][-]{subsection.5.3}{\376\377\225\356\230\230\116\011\377\032\126\372\133\232\165\065\116\367\116\013\166\204\126\333\145\366\160\271\156\332\122\250\214\003\145\164}{section.5}% 14
\BOOKMARK [3][-]{subsubsection.5.3.1}{\376\377\127\372\170\100\122\006\147\220}{subsection.5.3}% 15
\BOOKMARK [3][-]{subsubsection.5.3.2}{\376\377\155\361\134\102\122\006\147\220}{subsection.5.3}% 16
\BOOKMARK [2][-]{subsection.5.4}{\376\377\225\356\230\230\126\333\377\032\154\342\122\250\165\065\116\367\116\013\166\204\145\345\122\115\116\016\156\332\122\250\173\126\165\145}{section.5}% 17
\BOOKMARK [3][-]{subsubsection.5.4.1}{\376\377\127\372\170\100\122\006\147\220}{subsection.5.4}% 18
\BOOKMARK [3][-]{subsubsection.5.4.2}{\376\377\155\361\134\102\122\006\147\220}{subsection.5.4}% 19
\BOOKMARK [2][-]{subsection.5.5}{\376\377\176\374\124\010\176\323\213\272\116\016\176\323\147\234\217\271\165\114}{section.5}% 20
